PASS test/01_auth.test.js
PASS test/03_tracks.test.js
PASS test/02_storage.test.js

Test Suites: 3 passed, 3 total
Tests:       12 passed, 12 total
Snapshots:   0 total
Time:        8.055 s